keepalived实现mysql高可用配置
环境准备：
master1:10.1.1.10
master2:10.1.1.20

关闭防火墙和selinux

一、搭建双主mysql复制（基于GTIDs）
1. 两边都停止mysql服务
2. 修改配置文件
master端：
[mysqld]
sql_mode=NO_ENGINE_SUBSTITUTION,STRICT_TRANS_TABLES
basedir = /usr/local/mysql
datadir = /usr/local/mysql/data
port = 3307
socket = /usr/local/mysql/mysql.sock
log_bin = /usr/local/mysql/data/mybinlog
server_id = 10
gtid-mode=on
log-slave-updates
enforce-gtid-consistency
skip-slave-start

slave端：
[root@slave mysql]# cat my.cnf 
[mysqld]
sql_mode=NO_ENGINE_SUBSTITUTION,STRICT_TRANS_TABLES
basedir = /usr/local/mysql
datadir = /usr/local/mysql/data
port = 3307
socket = /usr/local/mysql/mysql.sock
log_bin = /usr/local/mysql/data/mybinlog
server_id = 20
gtid-mode=on
log-slave-updates
enforce-gtid-consistency
skip-slave-start

3. 启动服务进行配置

master端：
mysql> change master to master_host='10.1.1.20',master_user='slave',master_password='123',master_port=3307,master_auto_position=1;
Query OK, 0 rows affected, 2 warnings (0.01 sec)

mysql> start slave;
Query OK, 0 rows affected (0.00 sec)



slave端：

mysql> change master to master_host='10.1.1.10',master_user='slave',master_password='123',master_port=3307,master_auto_position=1;
Query OK, 0 rows affected, 2 warnings (0.01 sec)

mysql> start slave;
Query OK, 0 rows affected (0.00 sec)


二、master1和master2上安装keepalived软件

[root@master1 ha]# tar -xf keepalived-1.3.5.tar.gz -C /usr/src/
[root@master1 ha]# cd /usr/src/keepalived-1.3.5/
[root@master1 keepalived-1.3.5]# 
[root@master1 keepalived-1.3.5]# ./configure --prefix=/ --mandir=/usr/local/share/man/
错误：
configure: error: 
  !!! OpenSSL is not properly installed on your system. !!!
  !!! Can not include OpenSSL headers files.            !!!

  解决：
[root@master1 keepalived-1.3.5]# yum -y install openssl-devel

[root@master1 keepalived]# make && make install

master2上安装

三、了解配置文件

master1：

! Configuration File for keepalived

global_defs {
   notification_email {
     root@localhost.localdomain
   }
   notification_email_from root@localhost.localdomain
   smtp_server 127.0.0.1
   smtp_connect_timeout 30
   router_id master1.misshou.cc
}
vrrp_instance VI_1 {
    state MASTER
    interface ens37
    virtual_router_id 100
    priority 100
    advert_int 1
    authentication {
        auth_type PASS
        auth_pass 1111
    }
    virtual_ipaddress {
        10.1.1.200
    }
}

virtual_server 10.1.1.200 3307 {
    delay_loop 1
    lb_algo wrr
    lb_kind DR
    persistence_timeout 5
    protocol TCP
    real_server 10.1.1.10 3307 {
        weight 1
	notify_down /etc/keepalived/mysql.sh
        TCP_CHECK {
            connect_timeout 1
            nb_get_retry 3
            delay_before_retry 3
            connect_port 3307
        }
    }
}


master2：

! Configuration File for keepalived

global_defs {
   notification_email {
     root@localhost.localdomain
   }
   notification_email_from root@localhost.localdomain
   smtp_server 127.0.0.1
   smtp_connect_timeout 30
   router_id master2.misshou.cc
}
vrrp_instance VI_1 {
    state BACKUP
    interface ens33
    virtual_router_id 100
    priority 90
    advert_int 1
    authentication {
        auth_type PASS
        auth_pass 1111
    }
    virtual_ipaddress {
        10.1.1.200
    }
}

virtual_server 10.1.1.200 3307 {
    delay_loop 1
    lb_algo wrr
    lb_kind DR
    persistence_timeout 5
    protocol TCP
    real_server 10.1.1.20 3307 {
        weight 1
	notify_down /etc/keepalived/mysql.sh
        TCP_CHECK {
            connect_timeout 1
            nb_get_retry 3
            delay_before_retry 3
            connect_port 3307
        }
    }
}






